> Task :compileJava UP-TO-DATE
> Task :processResources UP-TO-DATE
> Task :classes UP-TO-DATE

> Task :run
[32mINFO  [main] [Cooja.java:1145] - Loading /home/apex/contiki-ng/examples/Codes-For-COOJA/Manual-COOJA/DAuth-COOJA/simulation.csc random seed: null[0;39m
> make COOJA_EEPROM=0 -j16 gw-node.cooja TARGET=cooja
  LD        build/cooja/gw-node.cooja
> make COOJA_EEPROM=0 -j16 as-node.cooja TARGET=cooja
  LD        build/cooja/as-node.cooja
> make COOJA_EEPROM=0 -j16 device-node.cooja TARGET=cooja
  LD        build/cooja/device-node.cooja
[32mINFO  [main] [LogScriptEngine.java:231] - Script timeout in 1800000 ms[0;39m
[32mINFO  [sim] [LogScriptEngine.java:320] -  5% completed, 127.7 sec remaining[0;39m
[32mINFO  [sim] [LogScriptEngine.java:320] - 10% completed, 80.8 sec remaining[0;39m
[32mINFO  [sim] [LogScriptEngine.java:320] - 15% completed, 59.5 sec remaining[0;39m
[32mINFO  [sim] [LogScriptEngine.java:320] - 20% completed, 45.4 sec remaining[0;39m
[32mINFO  [sim] [LogScriptEngine.java:320] - 25% completed, 36.0 sec remaining[0;39m
[32mINFO  [sim] [LogScriptEngine.java:320] - 30% completed, 30.3 sec remaining[0;39m
[32mINFO  [sim] [LogScriptEngine.java:320] - 35% completed, 25.0 sec remaining[0;39m
[32mINFO  [sim] [LogScriptEngine.java:320] - 40% completed, 20.9 sec remaining[0;39m
[32mINFO  [sim] [LogScriptEngine.java:320] - 45% completed, 17.7 sec remaining[0;39m
[32mINFO  [sim] [LogScriptEngine.java:320] - 50% completed, 15.2 sec remaining[0;39m
[32mINFO  [sim] [LogScriptEngine.java:320] - 55% completed, 13.3 sec remaining[0;39m
[32mINFO  [sim] [LogScriptEngine.java:320] - 60% completed, 11.3 sec remaining[0;39m
[32mINFO  [sim] [LogScriptEngine.java:320] - 65% completed,  9.4 sec remaining[0;39m
[32mINFO  [sim] [LogScriptEngine.java:320] - 70% completed,  7.6 sec remaining[0;39m
[32mINFO  [sim] [LogScriptEngine.java:320] - 75% completed,  6.1 sec remaining[0;39m
[32mINFO  [sim] [LogScriptEngine.java:320] - 80% completed,  4.7 sec remaining[0;39m
[32mINFO  [sim] [LogScriptEngine.java:320] - 85% completed,  3.4 sec remaining[0;39m
[32mINFO  [sim] [LogScriptEngine.java:320] - 90% completed,  2.2 sec remaining[0;39m
[32mINFO  [sim] [LogScriptEngine.java:320] - 95% completed,  1.1 sec remaining[0;39m
[32mINFO  [sim] [LogScriptEngine.java:294] - Timeout event @ 1800000000[0;39m
[32mINFO  [sim] [Simulation.java:450] - Runtime: 21576 ms. Simulated time: 1800000 ms. Speedup: 83.42602892102336[0;39m
[32mINFO  [main] [Cooja.java:1171] - TEST OK
[0;39m

BUILD SUCCESSFUL in 23s
3 actionable tasks: 1 executed, 2 up-to-date
