Starting a Gradle Daemon (subsequent builds will be faster)
> Task :compileJava UP-TO-DATE
> Task :processResources UP-TO-DATE
> Task :classes UP-TO-DATE

> Task :run
[32mINFO  [main] [Cooja.java:1145] - Loading /home/apex/contiki-ng/examples/Codes-For-COOJA/Manual-COOJA/DAuth-COOJA/simulation.csc random seed: null[0;39m
> make COOJA_EEPROM=0 -j16 gw-node.cooja TARGET=cooja
  CC        gw-node.c
  CC        /home/apex/contiki-ng/arch/platform/cooja/./rtimer-arch.c
  CC        /home/apex/contiki-ng/arch/platform/cooja/dev/watchdog.c
  CC        /home/apex/contiki-ng/arch/platform/cooja/./int-master.c
  CC        /home/apex/contiki-ng/arch/platform/cooja/dev/beep.c
  CC        /home/apex/contiki-ng/arch/platform/cooja/dev/ip.c
  CC        /home/apex/contiki-ng/arch/platform/cooja/dev/leds-arch.c
  CC        /home/apex/contiki-ng/arch/platform/cooja/dev/moteid.c
  CC        /home/apex/contiki-ng/arch/platform/cooja/dev/pir-sensor.c
  CC        /home/apex/contiki-ng/arch/platform/cooja/dev/rs232.c
  CC        /home/apex/contiki-ng/arch/platform/cooja/dev/vib-sensor.c
  CC        /home/apex/contiki-ng/arch/platform/cooja/sys/clock.c
  CC        /home/apex/contiki-ng/arch/platform/cooja/cfs/cfs-cooja.c
  CC        /home/apex/contiki-ng/arch/platform/cooja/dev/cooja-radio.c
  CC        /home/apex/contiki-ng/arch/platform/cooja/./slip-arch.c
  CC        /home/apex/contiki-ng/arch/platform/cooja/./platform.c
  CC        /home/apex/contiki-ng/arch/platform/cooja/./mtype.c
  CC        /home/apex/contiki-ng/os/lib/random.c
  CC        /home/apex/contiki-ng/os/lib/sensors.c
  CC        /home/apex/contiki-ng/os/dev/leds.c
  CC        /home/apex/contiki-ng/arch/platform/cooja/dev/gpio-hal-arch.c
  CC        /home/apex/contiki-ng/arch/platform/cooja/dev/buttons.c
  CC        /home/apex/contiki-ng/os/contiki-main.c
  CC        /home/apex/contiki-ng/os/dev/button-hal.c
  CC        /home/apex/contiki-ng/os/dev/gpio-hal.c
  CC        /home/apex/contiki-ng/os/dev/serial-line.c
  CC        /home/apex/contiki-ng/os/dev/slip.c
  CC        /home/apex/contiki-ng/os/lib/aes-128.c
  CC        /home/apex/contiki-ng/os/lib/assert.c
  CC        /home/apex/contiki-ng/os/lib/bitrev.c
  CC        /home/apex/contiki-ng/os/lib/ccm-star.c
  CC        /home/apex/contiki-ng/os/lib/circular-list.c
  CC        /home/apex/contiki-ng/os/lib/csprng.c
  CC        /home/apex/contiki-ng/os/lib/dbl-circ-list.c
  CC        /home/apex/contiki-ng/os/lib/dbl-list.c
  CC        /home/apex/contiki-ng/os/lib/heapmem.c
  CC        /home/apex/contiki-ng/os/lib/hexconv.c
  CC        /home/apex/contiki-ng/os/lib/ifft.c
  CC        /home/apex/contiki-ng/os/lib/iq-seeder.c
  CC        /home/apex/contiki-ng/os/lib/list.c
  CC        /home/apex/contiki-ng/os/lib/ringbuf.c
  CC        /home/apex/contiki-ng/os/lib/memb.c
  CC        /home/apex/contiki-ng/os/lib/ringbufindex.c
  CC        /home/apex/contiki-ng/os/lib/sfc16-prng.c
  CC        /home/apex/contiki-ng/os/lib/sfc32-prng.c
  CC        /home/apex/contiki-ng/os/lib/sha-256.c
  CC        /home/apex/contiki-ng/os/lib/trickle-timer.c
  CC        /home/apex/contiki-ng/os/net/link-stats.c
  CC        /home/apex/contiki-ng/os/net/linkaddr.c
  CC        /home/apex/contiki-ng/os/net/nbr-table.c
  CC        /home/apex/contiki-ng/os/net/net-debug.c
  CC        /home/apex/contiki-ng/os/net/netstack.c
  CC        /home/apex/contiki-ng/os/net/packetbuf.c
  CC        /home/apex/contiki-ng/os/net/queuebuf.c
  CC        /home/apex/contiki-ng/os/net/app-layer/coap/coap-block1.c
  CC        /home/apex/contiki-ng/os/net/app-layer/coap/coap-blocking-api.c
  CC        /home/apex/contiki-ng/os/net/app-layer/coap/coap-callback-api.c
  CC        /home/apex/contiki-ng/os/net/app-layer/coap/coap-engine.c
  CC        /home/apex/contiki-ng/os/net/app-layer/coap/coap-keystore-simple.c
  CC        /home/apex/contiki-ng/os/net/app-layer/coap/coap-observe-client.c
  CC        /home/apex/contiki-ng/os/net/app-layer/coap/coap-observe.c
  CC        /home/apex/contiki-ng/os/net/app-layer/coap/coap-res-well-known-core.c
  CC        /home/apex/contiki-ng/os/net/app-layer/coap/coap-separate.c
  CC        /home/apex/contiki-ng/os/net/app-layer/coap/coap-timer-default.c
  CC        /home/apex/contiki-ng/os/net/app-layer/coap/coap-timer.c
  CC        /home/apex/contiki-ng/os/net/app-layer/coap/coap-transactions.c
  CC        /home/apex/contiki-ng/os/net/app-layer/coap/coap-uip.c
  CC        /home/apex/contiki-ng/os/net/app-layer/coap/coap.c
  CC        /home/apex/contiki-ng/os/net/ipv6/ip64-addr.c
  CC        /home/apex/contiki-ng/os/net/ipv6/psock.c
  CC        /home/apex/contiki-ng/os/net/ipv6/sicslowpan.c
  CC        /home/apex/contiki-ng/os/net/ipv6/simple-udp.c
  CC        /home/apex/contiki-ng/os/net/ipv6/tcp-socket.c
  CC        /home/apex/contiki-ng/os/net/ipv6/tcpip.c
  CC        /home/apex/contiki-ng/os/net/ipv6/udp-socket.c
  CC        /home/apex/contiki-ng/os/net/ipv6/uip-ds6-nbr.c
  CC        /home/apex/contiki-ng/os/net/ipv6/uip-ds6-route.c
  CC        /home/apex/contiki-ng/os/net/ipv6/uip-ds6.c
  CC        /home/apex/contiki-ng/os/net/ipv6/uip-icmp6.c
  CC        /home/apex/contiki-ng/os/net/ipv6/uip-nameserver.c
  CC        /home/apex/contiki-ng/os/net/ipv6/uip-nd6.c
  CC        /home/apex/contiki-ng/os/net/ipv6/uip-packetqueue.c
  CC        /home/apex/contiki-ng/os/net/ipv6/uip-sr.c
  CC        /home/apex/contiki-ng/os/net/ipv6/uip-udp-packet.c
  CC        /home/apex/contiki-ng/os/net/ipv6/uip6.c
  CC        /home/apex/contiki-ng/os/net/ipv6/uipbuf.c
  CC        /home/apex/contiki-ng/os/net/ipv6/uiplib.c
  CC        /home/apex/contiki-ng/os/net/mac/anti-replay.c
  CC        /home/apex/contiki-ng/os/net/mac/mac-sequence.c
  CC        /home/apex/contiki-ng/os/net/mac/ccm-star-packetbuf.c
  CC        /home/apex/contiki-ng/os/net/mac/csma/csma-output.c
  CC        /home/apex/contiki-ng/os/net/mac/csma/csma-security.c
  CC        /home/apex/contiki-ng/os/net/mac/csma/csma.c
  CC        /home/apex/contiki-ng/os/net/mac/framer/frame802154.c
  CC        /home/apex/contiki-ng/os/net/mac/framer/frame802154e-ie.c
  CC        /home/apex/contiki-ng/os/net/mac/framer/framer-802154.c
  CC        /home/apex/contiki-ng/os/net/mac/framer/nullframer.c
  CC        /home/apex/contiki-ng/os/net/routing/rpl-lite/rpl-dag-root.c
  CC        /home/apex/contiki-ng/os/net/routing/rpl-lite/rpl-dag.c
  CC        /home/apex/contiki-ng/os/net/routing/rpl-lite/rpl-ext-header.c
  CC        /home/apex/contiki-ng/os/net/routing/rpl-lite/rpl-icmp6.c
  CC        /home/apex/contiki-ng/os/net/routing/rpl-lite/rpl-mrhof.c
  CC        /home/apex/contiki-ng/os/net/routing/rpl-lite/rpl-nbr-policy.c
  CC        /home/apex/contiki-ng/os/net/routing/rpl-lite/rpl-neighbor.c
  CC        /home/apex/contiki-ng/os/net/routing/rpl-lite/rpl-of0.c
  CC        /home/apex/contiki-ng/os/net/routing/rpl-lite/rpl-timers.c
  CC        /home/apex/contiki-ng/os/net/routing/rpl-lite/rpl.c
  CC        /home/apex/contiki-ng/os/sys/atomic.c
  CC        /home/apex/contiki-ng/os/sys/autostart.c
  CC        /home/apex/contiki-ng/os/sys/compower.c
  CC        /home/apex/contiki-ng/os/sys/ctimer.c
  CC        /home/apex/contiki-ng/os/sys/energest.c
  CC        /home/apex/contiki-ng/os/sys/etimer.c
  CC        /home/apex/contiki-ng/os/sys/log.c
  CC        /home/apex/contiki-ng/os/sys/mutex.c
  CC        /home/apex/contiki-ng/os/sys/node-id.c
  CC        /home/apex/contiki-ng/os/sys/process-mutex.c
  CC        /home/apex/contiki-ng/os/sys/process.c
  CC        /home/apex/contiki-ng/os/sys/rtimer.c
  CC        /home/apex/contiki-ng/os/sys/timer.c
  CC        /home/apex/contiki-ng/os/sys/stimer.c
  LD        build/cooja/gw-node.cooja
> make COOJA_EEPROM=0 -j16 as-node.cooja TARGET=cooja
  LD        build/cooja/as-node.cooja
> make COOJA_EEPROM=0 -j16 device-node.cooja TARGET=cooja
  LD        build/cooja/device-node.cooja
[32mINFO  [main] [LogScriptEngine.java:231] - Script timeout in 1800000 ms[0;39m
[32mINFO  [sim] [LogScriptEngine.java:320] -  5% completed, 153.6 sec remaining[0;39m
[32mINFO  [sim] [LogScriptEngine.java:320] - 10% completed, 85.3 sec remaining[0;39m
[32mINFO  [sim] [LogScriptEngine.java:320] - 15% completed, 60.2 sec remaining[0;39m
[32mINFO  [sim] [LogScriptEngine.java:320] - 20% completed, 45.2 sec remaining[0;39m
[32mINFO  [sim] [LogScriptEngine.java:320] - 25% completed, 36.1 sec remaining[0;39m
[32mINFO  [sim] [LogScriptEngine.java:320] - 30% completed, 30.3 sec remaining[0;39m
[32mINFO  [sim] [LogScriptEngine.java:320] - 35% completed, 25.1 sec remaining[0;39m
[32mINFO  [sim] [LogScriptEngine.java:320] - 40% completed, 21.1 sec remaining[0;39m
[32mINFO  [sim] [LogScriptEngine.java:320] - 45% completed, 17.9 sec remaining[0;39m
[32mINFO  [sim] [LogScriptEngine.java:320] - 50% completed, 15.5 sec remaining[0;39m
[32mINFO  [sim] [LogScriptEngine.java:320] - 55% completed, 13.4 sec remaining[0;39m
[32mINFO  [sim] [LogScriptEngine.java:320] - 60% completed, 11.4 sec remaining[0;39m
[32mINFO  [sim] [LogScriptEngine.java:320] - 65% completed,  9.5 sec remaining[0;39m
[32mINFO  [sim] [LogScriptEngine.java:320] - 70% completed,  7.7 sec remaining[0;39m
[32mINFO  [sim] [LogScriptEngine.java:320] - 75% completed,  6.2 sec remaining[0;39m
[32mINFO  [sim] [LogScriptEngine.java:320] - 80% completed,  4.7 sec remaining[0;39m
[32mINFO  [sim] [LogScriptEngine.java:320] - 85% completed,  3.4 sec remaining[0;39m
[32mINFO  [sim] [LogScriptEngine.java:320] - 90% completed,  2.2 sec remaining[0;39m
[32mINFO  [sim] [LogScriptEngine.java:320] - 95% completed,  1.1 sec remaining[0;39m
[32mINFO  [sim] [LogScriptEngine.java:294] - Timeout event @ 1800000000[0;39m
[32mINFO  [sim] [Simulation.java:450] - Runtime: 21987 ms. Simulated time: 1800000 ms. Speedup: 81.86655751125666[0;39m
[32mINFO  [main] [Cooja.java:1171] - TEST OK
[0;39m

BUILD SUCCESSFUL in 40s
3 actionable tasks: 1 executed, 2 up-to-date
