[run] Starting User Device (USER_ID=81) on port 5686
[User 81] Listening on 0.0.0.0:5686
[User 81] GW_Server=('192.168.1.202', 5684)  GW_Router=('192.168.1.202', 5683)
[User 81] Waiting 30 s for SN to register first...
[User 81] Sent USER_REG_REQ
[User 81] Registered. DIDi=d4ffbcc4...
[User 81] Got SIDn=83674dd9... for SN 4
[User 81] Enrollment complete.
[User 81] Sent M1  DIDi=d4ffbcc4...
[User 81] M1_ACK received
[User 81] Waiting for M4 from GW_Server...
[User 81] M4 verified OK. New DIDi=947c11a7...  SK=172c28dd...
[User 81] Sent DATA #1
[User 81] Sent DATA #2
[User 81] Sent DATA #3
[User 81] Sent DATA #4
[User 81] Sent DATA #5
[User 81] Sent DATA #6
[User 81] Sent DATA #7
[User 81] Sent DATA #8
[User 81] Sent DATA #9
[User 81] Sent DATA #10
[User 81] Data loop complete.
HW_METRIC|{"device_id":"81","kind":"HW_METRIC","model":{"cpu_power_w":2.5,"net_energy_per_byte_j":2e-06},"phases":{"auth":{"cpu_s":0.000601,"energy_j":0.002129572,"rx_bytes":28,"tx_bytes":286,"wall_s":0.004229},"data":{"cpu_s":0.006792,"energy_j":0.01946074,"rx_bytes":0,"tx_bytes":1240,"wall_s":30.007227},"enroll":{"cpu_s":0.005232,"energy_j":0.013971072,"rx_bytes":255,"tx_bytes":191,"wall_s":0.017797},"keyex":{"cpu_s":0.000413,"energy_j":0.00160627,"rx_bytes":287,"tx_bytes":0,"wall_s":0.122771}},"role":"USER","totals":{"cpu_s":0.013037,"energy_j":0.037167655,"rx_bytes":570,"tx_bytes":1717,"wall_s":30.152025},"ts":1776777615}
