\BOOKMARK [1][-]{section.1}{\376\377\000I\000n\000t\000r\000o\000d\000u\000c\000t\000i\000o\000n}{}% 1
\BOOKMARK [1][-]{section.2}{\376\377\000L\000i\000t\000e\000r\000a\000t\000u\000r\000e\000\040\000S\000u\000r\000v\000e\000y}{}% 2
\BOOKMARK [1][-]{section.3}{\376\377\000P\000r\000o\000p\000o\000s\000e\000d\000\040\000S\000c\000h\000e\000m\000e}{}% 3
\BOOKMARK [2][-]{subsection.3.1}{\376\377\000S\000y\000s\000t\000e\000m\000\040\000M\000o\000d\000e\000l\000\040\000a\000n\000d\000\040\000A\000s\000s\000u\000m\000p\000t\000i\000o\000n\000s}{section.3}% 4
\BOOKMARK [2][-]{subsection.3.2}{\376\377\000N\000o\000d\000e\000\040\000E\000n\000r\000o\000l\000m\000e\000n\000t\000\040\000P\000h\000a\000s\000e}{section.3}% 5
\BOOKMARK [2][-]{subsection.3.3}{\376\377\000N\000o\000d\000e\000\040\000A\000u\000t\000h\000e\000n\000t\000i\000c\000a\000t\000i\000o\000n\000\040\000P\000h\000a\000s\000e}{section.3}% 6
\BOOKMARK [2][-]{subsection.3.4}{\376\377\000N\000o\000d\000e\000\040\000S\000e\000s\000s\000i\000o\000n\000\040\000K\000e\000y\000\040\000E\000x\000c\000h\000a\000n\000g\000e\000\040\000P\000h\000a\000s\000e}{section.3}% 7
\BOOKMARK [2][-]{subsection.3.5}{\376\377\000D\000e\000s\000y\000n\000c\000h\000r\000o\000n\000i\000s\000a\000t\000i\000o\000n\000\040\000R\000e\000c\000o\000v\000e\000r\000y}{section.3}% 8
\BOOKMARK [1][-]{section.4}{\376\377\000S\000e\000c\000u\000r\000i\000t\000y\000\040\000A\000n\000a\000l\000y\000s\000i\000s}{}% 9
\BOOKMARK [2][-]{subsection.4.1}{\376\377\000F\000o\000r\000m\000a\000l\000\040\000S\000e\000c\000u\000r\000i\000t\000y\000\040\000A\000n\000a\000l\000y\000s\000i\000s}{section.4}% 10
\BOOKMARK [3][-]{subsubsection.4.1.1}{\376\377\000P\000r\000o\000t\000o\000c\000o\000l\000\040\000C\000o\000r\000r\000e\000s\000p\000o\000n\000d\000e\000n\000c\000e}{subsection.4.1}% 11
\BOOKMARK [3][-]{subsubsection.4.1.2}{\376\377\000S\000e\000c\000r\000e\000c\000y\000\040\000a\000n\000d\000\040\000F\000o\000r\000w\000a\000r\000d\000\040\000S\000e\000c\000r\000e\000c\000y}{subsection.4.1}% 12
\BOOKMARK [3][-]{subsubsection.4.1.3}{\376\377\000A\000n\000o\000n\000y\000m\000i\000t\000y\000\040\000P\000r\000e\000s\000e\000r\000v\000a\000t\000i\000o\000n}{subsection.4.1}% 13
\BOOKMARK [3][-]{subsubsection.4.1.4}{\376\377\000O\000f\000f\000l\000i\000n\000e\000\040\000G\000u\000e\000s\000s\000i\000n\000g\000\040\000R\000e\000s\000i\000s\000t\000a\000n\000c\000e}{subsection.4.1}% 14
\BOOKMARK [2][-]{subsection.4.2}{\376\377\000I\000n\000f\000o\000r\000m\000a\000l\000\040\000A\000n\000a\000l\000y\000s\000i\000s}{section.4}% 15
\BOOKMARK [3][-]{subsubsection.4.2.1}{\376\377\000R\000e\000p\000l\000a\000y\000\040\000A\000t\000t\000a\000c\000k\000\040\000R\000e\000s\000i\000s\000t\000a\000n\000c\000e}{subsection.4.2}% 16
\BOOKMARK [3][-]{subsubsection.4.2.2}{\376\377\000M\000I\000T\000M\000\040\000A\000t\000t\000a\000c\000k\000\040\000R\000e\000s\000i\000s\000t\000a\000n\000c\000e}{subsection.4.2}% 17
\BOOKMARK [3][-]{subsubsection.4.2.3}{\376\377\000D\000e\000v\000i\000c\000e\000\040\000A\000n\000o\000n\000y\000m\000i\000t\000y}{subsection.4.2}% 18
\BOOKMARK [3][-]{subsubsection.4.2.4}{\376\377\000D\000e\000s\000y\000n\000c\000h\000r\000o\000n\000i\000s\000a\000t\000i\000o\000n\000\040\000R\000e\000c\000o\000v\000e\000r\000y}{subsection.4.2}% 19
\BOOKMARK [3][-]{subsubsection.4.2.5}{\376\377\000F\000o\000r\000w\000a\000r\000d\000\040\000S\000e\000c\000r\000e\000c\000y}{subsection.4.2}% 20
\BOOKMARK [1][-]{section.5}{\376\377\000P\000e\000r\000f\000o\000r\000m\000a\000n\000c\000e\000\040\000A\000n\000a\000l\000y\000s\000i\000s}{}% 21
\BOOKMARK [2][-]{subsection.5.1}{\376\377\000T\000h\000e\000o\000r\000e\000t\000i\000c\000a\000l\000\040\000P\000e\000r\000f\000o\000r\000m\000a\000n\000c\000e\000\040\000A\000n\000a\000l\000y\000s\000i\000s}{section.5}% 22
\BOOKMARK [3][-]{subsubsection.5.1.1}{\376\377\000C\000o\000m\000p\000u\000t\000a\000t\000i\000o\000n\000a\000l\000\040\000C\000o\000s\000t}{subsection.5.1}% 23
\BOOKMARK [3][-]{subsubsection.5.1.2}{\376\377\000C\000o\000m\000m\000u\000n\000i\000c\000a\000t\000i\000o\000n\000\040\000C\000o\000s\000t}{subsection.5.1}% 24
\BOOKMARK [3][-]{subsubsection.5.1.3}{\376\377\000S\000t\000o\000r\000a\000g\000e\000\040\000C\000o\000s\000t}{subsection.5.1}% 25
\BOOKMARK [2][-]{subsection.5.2}{\376\377\000S\000i\000m\000u\000l\000a\000t\000i\000o\000n\000-\000B\000a\000s\000e\000d\000\040\000P\000e\000r\000f\000o\000r\000m\000a\000n\000c\000e\000\040\000A\000n\000a\000l\000y\000s\000i\000s}{section.5}% 26
\BOOKMARK [3][-]{subsubsection.5.2.1}{\376\377\000P\000e\000r\000f\000o\000r\000m\000a\000n\000c\000e\000\040\000A\000n\000a\000l\000y\000s\000i\000s\000\040\000f\000o\000r\000\040\000O\000v\000e\000r\000a\000l\000l\000\040\000P\000e\000r\000-\000D\000e\000v\000i\000c\000e\000\040\000C\000o\000s\000t}{subsection.5.2}% 27
\BOOKMARK [3][-]{subsubsection.5.2.2}{\376\377\000P\000e\000r\000f\000o\000r\000m\000a\000n\000c\000e\000\040\000A\000n\000a\000l\000y\000s\000i\000s\000\040\000f\000o\000r\000\040\000A\000u\000t\000h\000e\000n\000t\000i\000c\000a\000t\000i\000o\000n\000\040\000S\000e\000r\000v\000e\000r\000\040\000P\000o\000o\000l\000\040\000S\000i\000z\000e}{subsection.5.2}% 28
\BOOKMARK [3][-]{subsubsection.5.2.3}{\376\377\000P\000e\000r\000f\000o\000r\000m\000a\000n\000c\000e\000\040\000A\000n\000a\000l\000y\000s\000i\000s\000\040\000f\000o\000r\000\040\000N\000e\000t\000w\000o\000r\000k\000\040\000S\000c\000a\000l\000a\000b\000i\000l\000i\000t\000y}{subsection.5.2}% 29
\BOOKMARK [3][-]{subsubsection.5.2.4}{\376\377\000P\000e\000r\000f\000o\000r\000m\000a\000n\000c\000e\000\040\000A\000n\000a\000l\000y\000s\000i\000s\000\040\000f\000o\000r\000\040\000D\000e\000s\000y\000n\000c\000h\000r\000o\000n\000i\000s\000a\000t\000i\000o\000n\000\040\000R\000e\000c\000o\000v\000e\000r\000y}{subsection.5.2}% 30
\BOOKMARK [2][-]{subsection.5.3}{\376\377\000H\000a\000r\000d\000w\000a\000r\000e\000-\000B\000a\000s\000e\000d\000\040\000P\000e\000r\000f\000o\000r\000m\000a\000n\000c\000e\000\040\000A\000n\000a\000l\000y\000s\000i\000s}{section.5}% 31
\BOOKMARK [1][-]{section.6}{\376\377\000C\000o\000n\000c\000l\000u\000s\000i\000o\000n}{}% 32
\BOOKMARK [1][-]{section.7}{\376\377\000F\000u\000t\000u\000r\000e\000\040\000W\000o\000r\000k}{}% 33
\BOOKMARK [1][-]{section*.1}{\376\377\000R\000e\000f\000e\000r\000e\000n\000c\000e\000s}{}% 34
